feature@org.jkiss.dbeaver.runtime=SVN,url=${svn.url},path=features/org.jkiss.dbeaver.runtime,tag=${svn.tag},revision=${svn.revision},username=${svn.user},password=${svn.password}
feature@org.jkiss.dbeaver.rcp=SVN,url=${svn.url},path=features/org.jkiss.dbeaver.rcp,tag=${svn.tag},revision=${svn.revision},username=${svn.user},password=${svn.password}
feature@org.jkiss.dbeaver.standalone=SVN,url=${svn.url},path=features/org.jkiss.dbeaver.standalone,tag=${svn.tag},revision=${svn.revision},username=${svn.user},password=${svn.password}
plugin@org.jkiss.dbeaver=SVN,url=${svn.url},path=plugins/org.jkiss.dbeaver,tag=${svn.tag},revision=${svn.revision},username=${svn.user},password=${svn.password}
plugin@org.jkiss.dbeaver.core=SVN,url=${svn.url},path=plugins/org.jkiss.dbeaver.core,tag=${svn.tag},revision=${svn.revision},username=${svn.user},password=${svn.password}
plugin@org.jkiss.dbeaver.ext.erd=SVN,url=${svn.url},path=plugins/org.jkiss.dbeaver.erd,tag=${svn.tag},revision=${svn.revision},username=${svn.user},password=${svn.password}
plugin@org.jkiss.dbeaver.ext.generic=SVN,url=${svn.url},path=plugins/org.jkiss.dbeaver.generic,tag=${svn.tag},revision=${svn.revision},username=${svn.user},password=${svn.password}
plugin@org.jkiss.dbeaver.ext.import_config=SVN,url=${svn.url},path=plugins/org.jkiss.dbeaver.import-config,tag=${svn.tag},revision=${svn.revision},username=${svn.user},password=${svn.password}
plugin@org.jkiss.dbeaver.ext.mysql=SVN,url=${svn.url},path=plugins/org.jkiss.dbeaver.mysql,tag=${svn.tag},revision=${svn.revision},username=${svn.user},password=${svn.password}
plugin@org.jkiss.dbeaver.ext.oracle=SVN,url=${svn.url},path=plugins/org.jkiss.dbeaver.oracle,tag=${svn.tag},revision=${svn.revision},username=${svn.user},password=${svn.password}
plugin@org.jkiss.dbeaver.ext.wmi=SVN,url=${svn.url},path=plugins/org.jkiss.dbeaver.wmi,tag=${svn.tag},revision=${svn.revision},username=${svn.user},password=${svn.password}
plugin@org.jkiss.utils=SVN,url=${svn.url},path=modules/org.jkiss.utils,tag=${svn.tag},revision=${svn.revision},username=${svn.user},password=${svn.password}
plugin@org.jkiss.wmi=SVN,url=${svn.url},path=modules/org.jkiss.wmi,tag=${svn.tag},revision=${svn.revision},username=${svn.user},password=${svn.password}
